---
source: src/render/tree.rs
expression: "render(TreeProps { entries: fixture_rows(), head_suffix: String::new(), })"
---
<table class="tree-table">
<thead>
<tr>
<th>Mode</th>
<th>Name</th>
<th>
</th>
</tr>
</thead>
<tbody>
<tr>
<td class="mode">d---------</td>
<td class="name">
<a href="#!/tree/src">src</a>
</td>
<td class="links">
<a href="#!/log/src" class="log-link">log</a>
</td>
</tr>
<tr>
<td class="mode">-rw-r--r--</td>
<td class="name">
<a href="#!/tree/README.md" class="file">README.md</a>
</td>
<td class="links">
<a href="#!/log/README.md" class="log-link">log</a> · <a href="#!/blame/README.md" class="blame-link">blame</a>
</td>
</tr>
<tr>
<td class="mode">-rwxr-xr-x</td>
<td class="name">
<a href="#!/tree/scripts/build.sh" class="file">build.sh</a>
</td>
<td class="links">
<a href="#!/log/scripts/build.sh" class="log-link">log</a> · <a href="#!/blame/scripts/build.sh" class="blame-link">blame</a>
</td>
</tr>
</tbody>
</table>
