---
source: src/render/refs_tags.rs
expression: "render(RefsTagsProps\n{\n    tags:\n    vec![fixtures::ref_row(\"v1.1.0\", \"Release 1.1.0\", \"Kunal Mehta\",\n    fixtures::relative_age(86400),),\n    fixtures::ref_row(\"v1.0.0\", \"Release 1.0.0\", \"Kunal Mehta\",\n    fixtures::date_age(\"2000-03-15\"),),], more_tags: false, clone_url:\n    \"https://example.org/webgit.git\".to_string(),\n})"
---
<h3 class="summary-heading">Tags</h3>
<table class="summary-table">
<thead>
<tr>
<th>Tag</th>
<th>Commit message</th>
<th>Download</th>
<th>Author</th>
<th>Age</th>
</tr>
</thead>
<tbody>
<tr>
<td class="name">
<a href="#!/refs/tags/v1.1.0">v1.1.0</a>
</td>
<td class="msg">Release 1.1.0</td>
<td class="snapshot">
<a href="#!/snapshot?h=v1.1.0" class="snapshot-link">webgit-v1.1.0.tar.gz</a>
</td>
<td class="author">Kunal Mehta</td>
<td class="age">24 hours</td>
</tr>
<tr>
<td class="name">
<a href="#!/refs/tags/v1.0.0">v1.0.0</a>
</td>
<td class="msg">Release 1.0.0</td>
<td class="snapshot">
<a href="#!/snapshot?h=v1.0.0" class="snapshot-link">webgit-v1.0.0.tar.gz</a>
</td>
<td class="author">Kunal Mehta</td>
<td class="age">2000-03-15</td>
</tr>
</tbody>
</table>
