---
source: src/render/tree.rs
expression: "render(TreeProps { entries: fixture_rows(), head_suffix: String::new(), })"
---
<table class="tree-table">
<thead>
<tr>
<th>Mode</th>
<th>Name</th>
</tr>
</thead>
<tbody>
<tr>
<td class="mode">d---------</td>
<td class="name">
<a href="#!/tree/src">src</a>
</td>
</tr>
<tr>
<td class="mode">-rw-r--r--</td>
<td class="name">
<a href="#!/tree/README.md" class="file">README.md</a>
</td>
</tr>
<tr>
<td class="mode">-rwxr-xr-x</td>
<td class="name">
<a href="#!/tree/scripts/build.sh" class="file">build.sh</a>
</td>
</tr>
</tbody>
</table>
